// Jest Snapshot v1, https://goo.gl/fbAQLP

exports[`Header should match the snapshot 1`] = `
<div
  style={
    Object {
      "alignSelf": "flex-end",
      "display": "flex",
      "flexDirection": "row",
      "width": "100vw",
    }
  }
>
  <t
    autoplay={true}
    background=""
    backgroundPosition=""
    backgroundRepeat="no-repeat"
    backgroundSize="cover"
    className=""
    direction="forward"
    endAt={false}
    fps={6}
    getInstance={[Function]}
    heightFrame={37}
    id="player"
    image="https://i.ibb.co/Kjd23z4/adventurer-1-3-Sheet.png"
    isResponsive={true}
    loop={true}
    onClick={[Function]}
    onDoubleClick={[Function]}
    onEachFrame={false}
    onEnterFrame={false}
    onInit={[Function]}
    onLoopComplete={false}
    onMouseDown={[Function]}
    onMouseEnter={[Function]}
    onMouseLeave={[Function]}
    onMouseMove={[Function]}
    onMouseOut={[Function]}
    onMouseOver={[Function]}
    onMouseUp={[Function]}
    onPause={[Function]}
    onPlay={[Function]}
    onResize={false}
    startAt={0}
    steps={4}
    style={
      Object {
        "alignSelf": "flex-end",
        "height": "200px",
        "position": "relative",
        "width": "200px",
      }
    }
    timeout={0}
    widthFrame={50}
  />
  <t
    autoplay={true}
    background=""
    backgroundPosition=""
    backgroundRepeat="no-repeat"
    backgroundSize="cover"
    className=""
    direction="forward"
    endAt={false}
    fps={6}
    getInstance={[Function]}
    heightFrame={48}
    id="enemy"
    image="https://i.ibb.co/jyBGFQJ/Heavy-Bandit-Spritesheet.png"
    isResponsive={true}
    loop={true}
    onClick={[Function]}
    onDoubleClick={[Function]}
    onEachFrame={false}
    onEnterFrame={false}
    onInit={[Function]}
    onLoopComplete={false}
    onMouseDown={[Function]}
    onMouseEnter={[Function]}
    onMouseLeave={[Function]}
    onMouseMove={[Function]}
    onMouseOut={[Function]}
    onMouseOver={[Function]}
    onMouseUp={[Function]}
    onPause={[Function]}
    onPlay={[Function]}
    onResize={false}
    startAt={0}
    steps={4}
    style={
      Object {
        "height": "200px",
        "position": "relative",
        "right": "13vw",
        "width": "200px",
      }
    }
    timeout={0}
    widthFrame={48}
  />
</div>
`;
