// Jest Snapshot v1, https://goo.gl/fbAQLP

exports[`Header should match the snapshot 1`] = `
<div
  style={
    Object {
      "display": "flex",
      "flexDirection": "column",
    }
  }
>
  <button>
    Check In
  </button>
  <h1>
    Next location:
  </h1>
  <a
    href="https://maps.google.com/?q=null"
  />
</div>
`;
